// Jest Snapshot v1, https://goo.gl/fbAQLP

exports[`snapshot 1`] = `
<div
  className="App"
>
  <Home />
  <Game />
</div>
`;
